  !! giving up: RuntimeError: HTTP 429
  !! giving up: RuntimeError: HTTP 429
  !! giving up: RuntimeError: HTTP 429
  !! giving up: RuntimeError: HTTP 429
  !! giving up: RuntimeError: HTTP 429
  !! giving up: RuntimeError: HTTP 429
  !! giving up: RuntimeError: HTTP 429
  !! giving up: RuntimeError: HTTP 429
  !! giving up: RuntimeError: HTTP 429
  !! giving up: RuntimeError: HTTP 429
  !! giving up: RuntimeError: HTTP 429
  !! giving up: RuntimeError: HTTP 429
  !! giving up: RuntimeError: HTTP 429
  !! giving up: RuntimeError: HTTP 429
  !! giving up: RuntimeError: HTTP 429
  !! giving up: RuntimeError: HTTP 429
  !! giving up: RuntimeError: HTTP 429
  !! giving up: RuntimeError: HTTP 429
  !! giving up: RuntimeError: HTTP 429
  !! giving up: RuntimeError: HTTP 429
  !! giving up: RuntimeError: HTTP 429
  !! giving up: RuntimeError: HTTP 429
  !! giving up: RuntimeError: HTTP 429
  !! giving up: RuntimeError: HTTP 429
  !! giving up: RuntimeError: HTTP 429
  !! giving up: RuntimeError: HTTP 429
  !! giving up: RuntimeError: HTTP 429
  !! giving up: RuntimeError: HTTP 429
  !! giving up: RuntimeError: HTTP 429
  !! giving up: RuntimeError: HTTP 429
  !! giving up: RuntimeError: HTTP 429
  !! giving up: RuntimeError: HTTP 429
  !! giving up: RuntimeError: HTTP 429
  !! giving up: RuntimeError: HTTP 429
  !! giving up: RuntimeError: HTTP 429
  !! giving up: RuntimeError: HTTP 429
  !! giving up: RuntimeError: HTTP 429
  !! giving up: RuntimeError: HTTP 429
  !! giving up: RuntimeError: HTTP 429
  !! giving up: RuntimeError: HTTP 429
  !! giving up: RuntimeError: HTTP 429
  !! giving up: RuntimeError: HTTP 429
  !! giving up: RuntimeError: HTTP 429
  !! giving up: RuntimeError: HTTP 429
  !! giving up: RuntimeError: HTTP 429
  !! giving up: RuntimeError: HTTP 429
  !! giving up: RuntimeError: HTTP 429
  !! giving up: RuntimeError: HTTP 429
  !! giving up: RuntimeError: HTTP 429
  !! giving up: RuntimeError: HTTP 429
  !! giving up: RuntimeError: HTTP 429
  !! giving up: RuntimeError: HTTP 429
  !! giving up: RuntimeError: HTTP 429
  !! giving up: RuntimeError: HTTP 429
  !! giving up: RuntimeError: HTTP 429
  !! giving up: RuntimeError: HTTP 429
  !! giving up: RuntimeError: HTTP 429
  !! giving up: RuntimeError: HTTP 429
  !! giving up: RuntimeError: HTTP 429
  !! giving up: RuntimeError: HTTP 429
  !! giving up: RuntimeError: HTTP 429
  !! giving up: RuntimeError: HTTP 429
  !! giving up: RuntimeError: HTTP 429
  !! giving up: RuntimeError: HTTP 429
  !! giving up: RuntimeError: HTTP 429
  !! giving up: RuntimeError: HTTP 429
  !! giving up: RuntimeError: HTTP 429
  !! giving up: RuntimeError: HTTP 429
  !! giving up: RuntimeError: HTTP 429
  !! giving up: RuntimeError: HTTP 429
  !! giving up: RuntimeError: HTTP 429
  !! giving up: RuntimeError: HTTP 429
  !! giving up: RuntimeError: HTTP 429
  !! giving up: RuntimeError: HTTP 429
  !! giving up: RuntimeError: HTTP 429
  !! giving up: RuntimeError: HTTP 429
  !! giving up: RuntimeError: HTTP 429
  !! giving up: RuntimeError: HTTP 429
  !! giving up: RuntimeError: HTTP 429
  !! giving up: RuntimeError: HTTP 429
  !! giving up: RuntimeError: HTTP 429
  !! giving up: RuntimeError: HTTP 429
  !! giving up: AttributeError: 'NoneType' object has no attribute 'strip'
  !! giving up: RuntimeError: HTTP 429
  !! giving up: RuntimeError: HTTP 429
  !! giving up: RuntimeError: HTTP 429
  !! giving up: RuntimeError: HTTP 429
  !! giving up: RuntimeError: HTTP 429
  !! giving up: RuntimeError: HTTP 429
  !! giving up: RuntimeError: HTTP 429
  !! giving up: RuntimeError: HTTP 429
  !! giving up: RuntimeError: HTTP 429
  !! giving up: RuntimeError: HTTP 429
  !! giving up: RuntimeError: HTTP 429
  !! giving up: RuntimeError: HTTP 429
  !! giving up: RuntimeError: HTTP 429
  !! giving up: ConnectTimeout: 
  !! giving up: ReadTimeout: 
  !! giving up: RuntimeError: HTTP 429
  !! giving up: RuntimeError: HTTP 429
  !! giving up: RuntimeError: HTTP 429
  !! giving up: RuntimeError: HTTP 429
  !! giving up: RuntimeError: HTTP 429
  !! giving up: RuntimeError: HTTP 429
  !! giving up: RuntimeError: HTTP 429
  !! giving up: RuntimeError: HTTP 429
  !! giving up: RuntimeError: HTTP 429
  !! giving up: RuntimeError: HTTP 429
  !! giving up: RuntimeError: HTTP 429
  !! giving up: RuntimeError: HTTP 429
  !! giving up: RuntimeError: HTTP 429
  !! giving up: RuntimeError: HTTP 429
  !! giving up: RuntimeError: HTTP 429
  !! giving up: RuntimeError: HTTP 429
  !! giving up: RuntimeError: HTTP 429
  !! giving up: RuntimeError: HTTP 429
  !! giving up: RuntimeError: HTTP 429
  !! giving up: RuntimeError: HTTP 429
  !! giving up: RuntimeError: HTTP 429
  !! giving up: RuntimeError: HTTP 429
  !! giving up: RuntimeError: HTTP 429
  !! giving up: RuntimeError: HTTP 429
  !! giving up: RuntimeError: HTTP 429
  !! giving up: RuntimeError: HTTP 429
  !! giving up: RuntimeError: HTTP 429
  !! giving up: RuntimeError: HTTP 429
  !! giving up: RuntimeError: HTTP 429
  !! giving up: RuntimeError: HTTP 429
  !! giving up: RuntimeError: HTTP 429
  !! giving up: RuntimeError: HTTP 429
  !! giving up: RuntimeError: HTTP 429
  !! giving up: RuntimeError: HTTP 429
  !! giving up: RuntimeError: HTTP 429
  !! giving up: RuntimeError: HTTP 429
  !! giving up: RuntimeError: HTTP 429
  !! giving up: RuntimeError: HTTP 429
  !! giving up: RuntimeError: HTTP 429
  !! giving up: RuntimeError: HTTP 429
  !! giving up: RuntimeError: HTTP 429
  !! giving up: RuntimeError: HTTP 429
  !! giving up: RuntimeError: HTTP 429
  !! giving up: RuntimeError: HTTP 429
  !! giving up: RuntimeError: HTTP 429
  !! giving up: RuntimeError: HTTP 429
  !! giving up: RuntimeError: HTTP 429
  !! giving up: RuntimeError: HTTP 429
  !! giving up: RuntimeError: HTTP 429
  !! giving up: RuntimeError: HTTP 429
  !! giving up: RuntimeError: HTTP 429
  !! giving up: RuntimeError: HTTP 429
  !! giving up: RuntimeError: HTTP 429
  !! giving up: RuntimeError: HTTP 429
  !! giving up: RuntimeError: HTTP 429
  !! giving up: RuntimeError: HTTP 429
  !! giving up: RuntimeError: HTTP 429
  !! giving up: RuntimeError: HTTP 429
  !! giving up: RuntimeError: HTTP 429
  !! giving up: RuntimeError: HTTP 429
  !! giving up: RuntimeError: HTTP 429
  !! giving up: RuntimeError: HTTP 429
  !! giving up: RuntimeError: HTTP 429
  !! giving up: RuntimeError: HTTP 429
  !! giving up: RuntimeError: HTTP 429
  !! giving up: RuntimeError: HTTP 429
  !! giving up: RuntimeError: HTTP 429
  !! giving up: RuntimeError: HTTP 429
  !! giving up: RuntimeError: HTTP 429
  !! giving up: RuntimeError: HTTP 429
  !! giving up: RuntimeError: HTTP 429
  !! giving up: RuntimeError: HTTP 429
  !! giving up: RuntimeError: HTTP 429
  !! giving up: RuntimeError: HTTP 429
  !! giving up: RuntimeError: HTTP 429
  !! giving up: RuntimeError: HTTP 429
  !! giving up: RuntimeError: HTTP 429
  !! giving up: RuntimeError: HTTP 429
  !! giving up: RuntimeError: HTTP 429
  !! giving up: RuntimeError: HTTP 429
  !! giving up: RuntimeError: HTTP 429
  !! giving up: RuntimeError: HTTP 429
  !! giving up: RuntimeError: HTTP 429
  !! giving up: RuntimeError: HTTP 429
  !! giving up: RuntimeError: HTTP 429
  !! giving up: RuntimeError: HTTP 429
  !! giving up: RuntimeError: HTTP 429
  !! giving up: RuntimeError: HTTP 429
  !! giving up: RuntimeError: HTTP 429
  !! giving up: RuntimeError: HTTP 429
  !! giving up: RuntimeError: HTTP 429
  !! giving up: RuntimeError: HTTP 429
  !! giving up: RuntimeError: HTTP 429
  !! giving up: RuntimeError: HTTP 429
  !! giving up: RuntimeError: HTTP 429
  !! giving up: RuntimeError: HTTP 429
  !! giving up: RuntimeError: HTTP 429
  !! giving up: RuntimeError: HTTP 429
  !! giving up: RuntimeError: HTTP 429
  !! giving up: RuntimeError: HTTP 429
  !! giving up: RuntimeError: HTTP 429
  !! giving up: RuntimeError: HTTP 429
  !! giving up: RuntimeError: HTTP 429
  !! giving up: RuntimeError: HTTP 429
  !! giving up: RuntimeError: HTTP 429
  !! giving up: RuntimeError: HTTP 429
  !! giving up: RuntimeError: HTTP 429
  !! giving up: RuntimeError: HTTP 429
  !! giving up: RuntimeError: HTTP 429
  !! giving up: RuntimeError: HTTP 429
  !! giving up: RuntimeError: HTTP 429
  !! giving up: RuntimeError: HTTP 429
  !! giving up: RuntimeError: HTTP 429
  !! giving up: RuntimeError: HTTP 429
  !! giving up: RuntimeError: HTTP 429
  !! giving up: RuntimeError: HTTP 429
  !! giving up: RuntimeError: HTTP 429
  !! giving up: RuntimeError: HTTP 429
  !! giving up: RuntimeError: HTTP 429
  !! giving up: RuntimeError: HTTP 429
  !! giving up: RuntimeError: HTTP 429
  !! giving up: RuntimeError: HTTP 429
  !! giving up: RuntimeError: HTTP 429
  !! giving up: RuntimeError: HTTP 429
  !! giving up: RuntimeError: HTTP 429
  !! giving up: RuntimeError: HTTP 429
  !! giving up: RuntimeError: HTTP 429
  !! giving up: RuntimeError: HTTP 429
  !! giving up: RuntimeError: HTTP 429
  !! giving up: RuntimeError: HTTP 429
  !! giving up: RuntimeError: HTTP 429
  !! giving up: RuntimeError: HTTP 429
  !! giving up: RuntimeError: HTTP 429
  !! giving up: RuntimeError: HTTP 429
  !! giving up: RuntimeError: HTTP 429
  !! giving up: RuntimeError: HTTP 429
  !! giving up: RuntimeError: HTTP 429
  !! giving up: RuntimeError: HTTP 429
  !! giving up: RuntimeError: HTTP 429
  !! giving up: RuntimeError: HTTP 429
  !! giving up: RuntimeError: HTTP 429
  !! giving up: RuntimeError: HTTP 429
  !! giving up: RuntimeError: HTTP 429
  !! giving up: RuntimeError: HTTP 429
  !! giving up: RuntimeError: HTTP 429
  !! giving up: RuntimeError: HTTP 429
  !! giving up: RuntimeError: HTTP 429
  !! giving up: RuntimeError: HTTP 429
  !! giving up: RuntimeError: HTTP 429
  !! giving up: RuntimeError: HTTP 429
  !! giving up: RuntimeError: HTTP 429
  !! giving up: RuntimeError: HTTP 429
  !! giving up: RuntimeError: HTTP 429
  !! giving up: RuntimeError: HTTP 429
  !! giving up: RuntimeError: HTTP 429
  !! giving up: RuntimeError: HTTP 429
  !! giving up: RuntimeError: HTTP 429
  !! giving up: RuntimeError: HTTP 429
  !! giving up: RuntimeError: HTTP 429
  !! giving up: RuntimeError: HTTP 429
  !! giving up: RuntimeError: HTTP 429
  !! giving up: RuntimeError: HTTP 429
  !! giving up: RuntimeError: HTTP 429
  !! giving up: RuntimeError: HTTP 429
  !! giving up: RuntimeError: HTTP 429
  !! giving up: RuntimeError: HTTP 429
  !! giving up: RuntimeError: HTTP 429
  !! giving up: RuntimeError: HTTP 429
  !! giving up: RuntimeError: HTTP 429
  !! giving up: RuntimeError: HTTP 429
  !! giving up: RuntimeError: HTTP 429
  !! giving up: RuntimeError: HTTP 429
  !! giving up: RuntimeError: HTTP 429
  !! giving up: RuntimeError: HTTP 429
  !! giving up: RuntimeError: HTTP 429
  !! giving up: RuntimeError: HTTP 429
  !! giving up: RuntimeError: HTTP 429
  !! giving up: RuntimeError: HTTP 429
  !! giving up: RuntimeError: HTTP 429
  !! giving up: RuntimeError: HTTP 429
  !! giving up: RuntimeError: HTTP 429
  !! giving up: RuntimeError: HTTP 429
  !! giving up: RuntimeError: HTTP 429
  !! giving up: RuntimeError: HTTP 429
  !! giving up: RuntimeError: HTTP 429
  !! giving up: RuntimeError: HTTP 429
  !! giving up: RuntimeError: HTTP 429
  !! giving up: RuntimeError: HTTP 429
  !! giving up: RuntimeError: HTTP 429
  !! giving up: RuntimeError: HTTP 429
  !! giving up: RuntimeError: HTTP 429
  !! giving up: RuntimeError: HTTP 429
  !! giving up: RuntimeError: HTTP 429
  !! giving up: RuntimeError: HTTP 429
  !! giving up: RuntimeError: HTTP 429
teacher: zai-org/GLM-5.3-Fast @ https://inference.baseten.co/v1
phase 1: generating prompts across 15 topics...
phase 1: 3952 unique prompts
phase 1: saved to baseten_job/distill_data.jsonl.prompts.txt
phase 2: answering 3000 prompts...
  25/3000
  50/3000
  75/3000
  100/3000
  125/3000
  150/3000
  175/3000
  200/3000
  225/3000
  250/3000
  275/3000
  300/3000
  325/3000
  350/3000
  375/3000
  400/3000
  425/3000
  450/3000
  475/3000
  500/3000
  525/3000
  550/3000
  575/3000
  600/3000
  625/3000
  650/3000
  675/3000
  700/3000
  725/3000
  750/3000
  775/3000
  800/3000
  825/3000
  850/3000
  875/3000
  900/3000
  925/3000
  950/3000
  975/3000
  1000/3000
  1025/3000
  1050/3000
  1075/3000
  1100/3000
  1125/3000
  1150/3000
  1175/3000
  1200/3000
  1225/3000
  1250/3000
  1275/3000
  1300/3000
  1325/3000
  1350/3000
  1375/3000
  1400/3000
  1425/3000
  1450/3000
  1475/3000
  1500/3000
  1525/3000
  1550/3000
  1575/3000
  1600/3000
  1625/3000
  1650/3000
  1675/3000
  1700/3000
  1725/3000
  1750/3000
  1775/3000
  1800/3000
  1825/3000
  1850/3000
  1875/3000
  1900/3000
  1925/3000
  1950/3000
  1975/3000
  2000/3000
  2025/3000
  2050/3000
  2075/3000
  2100/3000
  2125/3000
  2150/3000
  2175/3000
  2200/3000
  2225/3000
  2250/3000
  2275/3000
  2300/3000
  2325/3000
  2350/3000
  2375/3000
  2400/3000
  2425/3000
  2450/3000
  2475/3000
  2500/3000
  2525/3000
  2550/3000
  2575/3000
  2600/3000
  2625/3000
  2650/3000
  2675/3000
  2700/3000
phase 2: wrote 2707 pairs

done: 2734 pairs in baseten_job/distill_data.jsonl
sanity check a few:  head -3 baseten_job/distill_data.jsonl
